// Jest Snapshot v1, https://goo.gl/fbAQLP

exports[`<ItemClientList /> Ui del componente 1`] = `
<View
  style={
    Object {
      "flexDirection": "row",
      "justifyContent": "space-between",
      "marginVertical": 5,
    }
  }
>
  <View>
    <Text>
      Eduardo Pinedo
    </Text>
    <Text>
      111111
    </Text>
  </View>
  <View
    accessible={true}
    focusable={true}
    onClick={[Function]}
    onResponderGrant={[Function]}
    onResponderMove={[Function]}
    onResponderRelease={[Function]}
    onResponderTerminate={[Function]}
    onResponderTerminationRequest={[Function]}
    onStartShouldSetResponder={[Function]}
    style={
      Object {
        "opacity": 1,
      }
    }
  >
    <Text>
      Editar
    </Text>
  </View>
</View>
`;
